mode: set
warehouse/services/barang_service.go:26.93,32.2 1 0
warehouse/services/barang_service.go:34.129,35.14 1 0
warehouse/services/barang_service.go:35.14,37.3 1 0
warehouse/services/barang_service.go:39.2,39.15 1 0
warehouse/services/barang_service.go:39.15,41.3 1 0
warehouse/services/barang_service.go:43.2,45.62 2 0
warehouse/services/barang_service.go:48.115,50.67 2 0
warehouse/services/barang_service.go:50.67,52.17 2 0
warehouse/services/barang_service.go:52.17,54.4 1 0
warehouse/services/barang_service.go:56.3,58.17 3 0
warehouse/services/barang_service.go:58.17,60.4 1 0
warehouse/services/barang_service.go:62.3,68.17 3 0
warehouse/services/barang_service.go:68.17,70.4 1 0
warehouse/services/barang_service.go:72.3,74.13 2 0
warehouse/services/barang_service.go:76.2,76.16 1 0
warehouse/services/barang_service.go:76.16,78.3 1 0
warehouse/services/barang_service.go:80.2,80.28 1 0
warehouse/services/barang_service.go:83.94,85.67 2 0
warehouse/services/barang_service.go:85.67,87.17 2 0
warehouse/services/barang_service.go:87.17,89.4 1 0
warehouse/services/barang_service.go:91.3,93.13 2 0
warehouse/services/barang_service.go:95.2,95.16 1 0
warehouse/services/barang_service.go:95.16,97.3 1 0
warehouse/services/barang_service.go:99.2,99.20 1 0
warehouse/services/barang_service.go:101.91,102.67 1 0
warehouse/services/barang_service.go:102.67,104.3 1 0
warehouse/services/barang_service.go:106.73,108.2 1 0
warehouse/services/barang_service.go:109.130,110.14 1 0
warehouse/services/barang_service.go:110.14,112.3 1 0
warehouse/services/barang_service.go:114.2,114.15 1 0
warehouse/services/barang_service.go:114.15,116.3 1 0
warehouse/services/barang_service.go:118.2,120.62 2 0
warehouse/services/pembelian_service.go:28.147,36.2 1 0
warehouse/services/pembelian_service.go:38.165,40.67 2 0
warehouse/services/pembelian_service.go:40.67,43.17 2 0
warehouse/services/pembelian_service.go:43.17,45.4 1 0
warehouse/services/pembelian_service.go:47.3,51.44 4 0
warehouse/services/pembelian_service.go:51.44,53.18 2 0
warehouse/services/pembelian_service.go:53.18,55.5 1 0
warehouse/services/pembelian_service.go:57.4,65.18 3 0
warehouse/services/pembelian_service.go:65.18,67.5 1 0
warehouse/services/pembelian_service.go:69.4,86.18 3 0
warehouse/services/pembelian_service.go:86.18,88.5 1 0
warehouse/services/pembelian_service.go:90.4,92.18 3 0
warehouse/services/pembelian_service.go:92.18,94.5 1 0
warehouse/services/pembelian_service.go:96.4,106.18 3 0
warehouse/services/pembelian_service.go:106.18,108.5 1 0
warehouse/services/pembelian_service.go:110.4,110.36 1 0
warehouse/services/pembelian_service.go:113.3,117.17 5 0
warehouse/services/pembelian_service.go:117.17,119.4 1 0
warehouse/services/pembelian_service.go:121.3,122.17 2 0
warehouse/services/pembelian_service.go:122.17,124.4 1 0
warehouse/services/pembelian_service.go:126.3,142.13 2 0
warehouse/services/pembelian_service.go:144.2,144.16 1 0
warehouse/services/pembelian_service.go:144.16,146.3 1 0
warehouse/services/pembelian_service.go:148.2,148.23 1 0
warehouse/services/pembelian_service.go:151.118,152.14 1 0
warehouse/services/pembelian_service.go:152.14,154.3 1 0
warehouse/services/pembelian_service.go:156.2,156.15 1 0
warehouse/services/pembelian_service.go:156.15,158.3 1 0
warehouse/services/pembelian_service.go:159.2,160.60 2 0
warehouse/services/pembelian_service.go:163.101,165.2 1 0
warehouse/services/penjualan_service.go:29.147,37.2 1 0
warehouse/services/penjualan_service.go:39.162,42.67 2 0
warehouse/services/penjualan_service.go:42.67,44.17 2 0
warehouse/services/penjualan_service.go:44.17,46.4 1 0
warehouse/services/penjualan_service.go:48.3,52.39 4 0
warehouse/services/penjualan_service.go:52.39,54.18 2 0
warehouse/services/penjualan_service.go:54.18,56.5 1 0
warehouse/services/penjualan_service.go:58.4,59.18 2 0
warehouse/services/penjualan_service.go:59.18,61.5 1 0
warehouse/services/penjualan_service.go:63.4,63.34 1 0
warehouse/services/penjualan_service.go:63.34,65.5 1 0
warehouse/services/penjualan_service.go:67.4,83.18 6 0
warehouse/services/penjualan_service.go:83.18,85.5 1 0
warehouse/services/penjualan_service.go:87.4,88.18 2 0
warehouse/services/penjualan_service.go:88.18,90.5 1 0
warehouse/services/penjualan_service.go:92.4,119.18 4 0
warehouse/services/penjualan_service.go:119.18,121.5 1 0
warehouse/services/penjualan_service.go:123.4,123.36 1 0
warehouse/services/penjualan_service.go:126.3,130.17 5 0
warehouse/services/penjualan_service.go:130.17,132.4 1 0
warehouse/services/penjualan_service.go:134.3,135.17 2 0
warehouse/services/penjualan_service.go:135.17,137.4 1 0
warehouse/services/penjualan_service.go:139.3,155.13 2 0
warehouse/services/penjualan_service.go:157.2,157.16 1 0
warehouse/services/penjualan_service.go:157.16,159.3 1 0
warehouse/services/penjualan_service.go:161.2,161.23 1 0
warehouse/services/penjualan_service.go:164.118,165.14 1 0
warehouse/services/penjualan_service.go:165.14,167.3 1 0
warehouse/services/penjualan_service.go:169.2,169.15 1 0
warehouse/services/penjualan_service.go:169.15,171.3 1 0
warehouse/services/penjualan_service.go:173.2,175.60 2 0
warehouse/services/penjualan_service.go:178.101,180.2 1 0
warehouse/services/stok_service.go:26.66,31.2 1 0
warehouse/services/stok_service.go:33.103,34.14 1 0
warehouse/services/stok_service.go:34.14,36.3 1 0
warehouse/services/stok_service.go:38.2,38.15 1 0
warehouse/services/stok_service.go:38.15,40.3 1 0
warehouse/services/stok_service.go:42.2,44.50 2 0
warehouse/services/stok_service.go:47.99,49.67 2 0
warehouse/services/stok_service.go:49.67,51.17 2 0
warehouse/services/stok_service.go:51.17,53.4 1 0
warehouse/services/stok_service.go:55.3,57.13 2 0
warehouse/services/stok_service.go:60.2,60.16 1 0
warehouse/services/stok_service.go:60.16,62.3 1 0
warehouse/services/stok_service.go:64.2,64.19 1 0
warehouse/services/stok_service.go:67.113,68.14 1 0
warehouse/services/stok_service.go:68.14,70.3 1 0
warehouse/services/stok_service.go:72.2,72.15 1 0
warehouse/services/stok_service.go:72.15,74.3 1 0
warehouse/services/stok_service.go:76.2,77.54 2 0
warehouse/services/stok_service.go:79.113,81.2 1 0
warehouse/services/user_service.go:24.71,29.2 1 0
warehouse/services/user_service.go:31.95,33.16 2 0
warehouse/services/user_service.go:33.16,35.3 1 0
warehouse/services/user_service.go:37.2,40.41 3 0
warehouse/services/user_service.go:43.91,45.16 2 0
warehouse/services/user_service.go:45.16,47.3 1 0
warehouse/services/user_service.go:49.2,50.16 2 0
warehouse/services/user_service.go:50.16,52.3 1 0
warehouse/services/user_service.go:54.2,70.16 4 0
warehouse/services/user_service.go:70.16,72.3 1 0
warehouse/services/user_service.go:74.2,74.27 1 0
warehouse/services/barang_service.go:26.93,32.2 1 1
warehouse/services/barang_service.go:34.129,35.14 1 1
warehouse/services/barang_service.go:35.14,37.3 1 0
warehouse/services/barang_service.go:39.2,39.15 1 1
warehouse/services/barang_service.go:39.15,41.3 1 0
warehouse/services/barang_service.go:43.2,45.62 2 1
warehouse/services/barang_service.go:48.115,50.67 2 1
warehouse/services/barang_service.go:50.67,52.17 2 1
warehouse/services/barang_service.go:52.17,54.4 1 0
warehouse/services/barang_service.go:56.3,58.17 3 1
warehouse/services/barang_service.go:58.17,60.4 1 0
warehouse/services/barang_service.go:62.3,68.17 3 1
warehouse/services/barang_service.go:68.17,70.4 1 0
warehouse/services/barang_service.go:72.3,74.13 2 1
warehouse/services/barang_service.go:76.2,76.16 1 1
warehouse/services/barang_service.go:76.16,78.3 1 0
warehouse/services/barang_service.go:80.2,80.28 1 1
warehouse/services/barang_service.go:83.94,85.67 2 1
warehouse/services/barang_service.go:85.67,87.17 2 1
warehouse/services/barang_service.go:87.17,89.4 1 0
warehouse/services/barang_service.go:91.3,93.13 2 1
warehouse/services/barang_service.go:95.2,95.16 1 1
warehouse/services/barang_service.go:95.16,97.3 1 0
warehouse/services/barang_service.go:99.2,99.20 1 1
warehouse/services/barang_service.go:101.91,102.67 1 1
warehouse/services/barang_service.go:102.67,104.3 1 1
warehouse/services/barang_service.go:106.73,108.2 1 1
warehouse/services/barang_service.go:109.130,110.14 1 1
warehouse/services/barang_service.go:110.14,112.3 1 0
warehouse/services/barang_service.go:114.2,114.15 1 1
warehouse/services/barang_service.go:114.15,116.3 1 0
warehouse/services/barang_service.go:118.2,120.62 2 1
warehouse/services/pembelian_service.go:28.147,36.2 1 1
warehouse/services/pembelian_service.go:38.165,40.67 2 1
warehouse/services/pembelian_service.go:40.67,43.17 2 1
warehouse/services/pembelian_service.go:43.17,45.4 1 0
warehouse/services/pembelian_service.go:47.3,51.44 4 1
warehouse/services/pembelian_service.go:51.44,53.18 2 1
warehouse/services/pembelian_service.go:53.18,55.5 1 0
warehouse/services/pembelian_service.go:57.4,65.18 3 1
warehouse/services/pembelian_service.go:65.18,67.5 1 0
warehouse/services/pembelian_service.go:69.4,86.18 3 1
warehouse/services/pembelian_service.go:86.18,88.5 1 0
warehouse/services/pembelian_service.go:90.4,92.18 3 1
warehouse/services/pembelian_service.go:92.18,94.5 1 0
warehouse/services/pembelian_service.go:96.4,106.18 3 1
warehouse/services/pembelian_service.go:106.18,108.5 1 0
warehouse/services/pembelian_service.go:110.4,110.36 1 1
warehouse/services/pembelian_service.go:113.3,117.17 5 1
warehouse/services/pembelian_service.go:117.17,119.4 1 0
warehouse/services/pembelian_service.go:121.3,122.17 2 1
warehouse/services/pembelian_service.go:122.17,124.4 1 0
warehouse/services/pembelian_service.go:126.3,142.13 2 1
warehouse/services/pembelian_service.go:144.2,144.16 1 1
warehouse/services/pembelian_service.go:144.16,146.3 1 0
warehouse/services/pembelian_service.go:148.2,148.23 1 1
warehouse/services/pembelian_service.go:151.118,152.14 1 1
warehouse/services/pembelian_service.go:152.14,154.3 1 0
warehouse/services/pembelian_service.go:156.2,156.15 1 1
warehouse/services/pembelian_service.go:156.15,158.3 1 0
warehouse/services/pembelian_service.go:159.2,160.60 2 1
warehouse/services/pembelian_service.go:163.101,165.2 1 1
warehouse/services/penjualan_service.go:29.147,37.2 1 1
warehouse/services/penjualan_service.go:39.162,42.67 2 1
warehouse/services/penjualan_service.go:42.67,44.17 2 1
warehouse/services/penjualan_service.go:44.17,46.4 1 0
warehouse/services/penjualan_service.go:48.3,52.39 4 1
warehouse/services/penjualan_service.go:52.39,54.18 2 1
warehouse/services/penjualan_service.go:54.18,56.5 1 0
warehouse/services/penjualan_service.go:58.4,59.18 2 1
warehouse/services/penjualan_service.go:59.18,61.5 1 0
warehouse/services/penjualan_service.go:63.4,63.34 1 1
warehouse/services/penjualan_service.go:63.34,65.5 1 1
warehouse/services/penjualan_service.go:67.4,83.18 6 1
warehouse/services/penjualan_service.go:83.18,85.5 1 0
warehouse/services/penjualan_service.go:87.4,88.18 2 1
warehouse/services/penjualan_service.go:88.18,90.5 1 0
warehouse/services/penjualan_service.go:92.4,119.18 4 1
warehouse/services/penjualan_service.go:119.18,121.5 1 0
warehouse/services/penjualan_service.go:123.4,123.36 1 1
warehouse/services/penjualan_service.go:126.3,130.17 5 1
warehouse/services/penjualan_service.go:130.17,132.4 1 0
warehouse/services/penjualan_service.go:134.3,135.17 2 1
warehouse/services/penjualan_service.go:135.17,137.4 1 0
warehouse/services/penjualan_service.go:139.3,155.13 2 1
warehouse/services/penjualan_service.go:157.2,157.16 1 1
warehouse/services/penjualan_service.go:157.16,159.3 1 1
warehouse/services/penjualan_service.go:161.2,161.23 1 1
warehouse/services/penjualan_service.go:164.118,165.14 1 1
warehouse/services/penjualan_service.go:165.14,167.3 1 0
warehouse/services/penjualan_service.go:169.2,169.15 1 1
warehouse/services/penjualan_service.go:169.15,171.3 1 0
warehouse/services/penjualan_service.go:173.2,175.60 2 1
warehouse/services/penjualan_service.go:178.101,180.2 1 1
warehouse/services/stok_service.go:26.66,31.2 1 1
warehouse/services/stok_service.go:33.103,34.14 1 1
warehouse/services/stok_service.go:34.14,36.3 1 0
warehouse/services/stok_service.go:38.2,38.15 1 1
warehouse/services/stok_service.go:38.15,40.3 1 0
warehouse/services/stok_service.go:42.2,44.50 2 1
warehouse/services/stok_service.go:47.99,49.67 2 1
warehouse/services/stok_service.go:49.67,51.17 2 1
warehouse/services/stok_service.go:51.17,53.4 1 0
warehouse/services/stok_service.go:55.3,57.13 2 1
warehouse/services/stok_service.go:60.2,60.16 1 1
warehouse/services/stok_service.go:60.16,62.3 1 0
warehouse/services/stok_service.go:64.2,64.19 1 1
warehouse/services/stok_service.go:67.113,68.14 1 1
warehouse/services/stok_service.go:68.14,70.3 1 0
warehouse/services/stok_service.go:72.2,72.15 1 1
warehouse/services/stok_service.go:72.15,74.3 1 0
warehouse/services/stok_service.go:76.2,77.54 2 1
warehouse/services/stok_service.go:79.113,81.2 1 1
warehouse/services/user_service.go:24.71,29.2 1 1
warehouse/services/user_service.go:31.95,33.16 2 1
warehouse/services/user_service.go:33.16,35.3 1 0
warehouse/services/user_service.go:37.2,40.41 3 1
warehouse/services/user_service.go:43.91,45.16 2 1
warehouse/services/user_service.go:45.16,47.3 1 1
warehouse/services/user_service.go:49.2,50.16 2 1
warehouse/services/user_service.go:50.16,52.3 1 1
warehouse/services/user_service.go:54.2,70.16 4 1
warehouse/services/user_service.go:70.16,72.3 1 0
warehouse/services/user_service.go:74.2,74.27 1 1
